2023-07-26 16:13:09,226 [ERROR] Please select a file
2023-07-26 16:13:15,212 [ERROR] Unsupported file type
2023-07-26 16:13:16,050 [ERROR] Unsupported file type
2023-07-26 16:13:16,633 [ERROR] Unsupported file type
2023-07-26 16:13:19,494 [ERROR] Unsupported file type
2023-07-26 16:13:21,569 [ERROR] Unsupported file type
2023-07-26 16:13:23,072 [ERROR] Unsupported file type
2023-07-26 16:17:32,236 [ERROR] From run_gui: Please select a file
2023-07-26 16:17:32,788 [ERROR] Please select a file
2023-07-26 16:17:36,549 [ERROR] From run_gui: Please select a file
2023-07-26 16:17:37,590 [ERROR] Please select a file
2023-07-26 16:17:42,009 [ERROR] Unsupported file type
2023-07-26 16:18:55,202 [ERROR] From run_gui: Please select a file
2023-07-26 16:18:56,477 [ERROR] From run_gui: Please select a file
2023-07-26 16:18:59,121 [ERROR] Please select a file
2023-07-26 16:19:03,466 [ERROR] From run_gui: Unsupported file type
2023-07-26 16:19:04,923 [ERROR] From run_gui: Unsupported file type
2023-07-26 16:19:06,216 [ERROR] From run_gui: Unsupported file type
2023-07-26 16:19:06,751 [ERROR] Unsupported file type
2023-07-26 16:19:57,277 [ERROR] From run_gui: Unsupported file type
2023-07-26 16:19:58,437 [ERROR] Unsupported file type
2023-07-26 16:24:30,857 [ERROR] From run_gui: Please enter a non-negative integer
2023-07-26 16:24:33,125 [ERROR] From run_gui: Please enter a non-negative integer
2023-07-26 16:24:38,004 [ERROR] From run_gui: Please enter a non-negative integer
2023-07-26 16:24:43,234 [ERROR] From run_gui: Please enter a non-negative integer
2023-07-26 16:25:22,113 [INFO] 开始获取用户输入
2023-07-26 16:25:25,671 [ERROR] 非法输入，请输入大于零的数
2023-07-26 16:25:28,787 [ERROR] 非法输入，请输入大于零的数
2023-07-26 16:25:31,124 [ERROR] 非法输入，请输入大于零的数
2023-07-26 16:25:34,519 [ERROR] 非法输入，请输入大于等于零的数
2023-07-26 16:25:36,157 [INFO] 获取用户输入结束
2023-07-26 16:26:16,909 [INFO] 开始获取用户输入
2023-07-26 16:26:23,778 [INFO] 获取用户输入结束
2023-07-26 16:26:40,264 [INFO] 开始获取用户输入
2023-07-26 16:26:42,623 [ERROR] 非法输入，请输入大于零的数
2023-07-26 16:26:46,855 [ERROR] 非法输入，请输入大于零的数
2023-07-26 16:26:49,073 [INFO] 获取用户输入结束
